// Jest Snapshot v1, https://goo.gl/fbAQLP

exports[`should generate dashboard page 1`] = `
<div>
  Dashboard page content
</div>
`;
